
IEEE 695 OMF Linker Version 6.25 (19073001)
Copyright (C) 1999-2008 Zilog, Inc. All Rights Reserved

LINK MAP:

DATE:      Sat Oct 14 22:36:20 2023
PROCESSOR: assembler
FILES:     .\init.obj             .\main.obj             .\vdp.obj              
           .\mos-interface.obj
           C:\ZiLOG\ZDSII_eZ80Acclaim!_5.3.5\lib\std\chelpD.lib
           C:\ZiLOG\ZDSII_eZ80Acclaim!_5.3.5\lib\std\crtD.lib
           C:\ZiLOG\ZDSII_eZ80Acclaim!_5.3.0\lib\std\crtD.lib
           C:\ZiLOG\ZDSII_eZ80Acclaim!_5.3.5\lib\std\crtSD.lib
           C:\ZiLOG\ZDSII_eZ80Acclaim!_5.3.5\lib\std\fplibD.lib
           C:\ZiLOG\ZDSII_eZ80Acclaim!_5.3.5\lib\std\fplibSD.lib
           C:\ZiLOG\ZDSII_eZ80Acclaim!_5.3.0\lib\std\crtSD.lib
           C:\ZiLOG\ZDSII_eZ80Acclaim!_5.3.5\lib\std\nokernelD.lib
           C:\ZiLOG\ZDSII_eZ80Acclaim!_5.3.5\lib\zilog\zsldevinitdummy.obj
           


COMMAND LIST:
=============
-FORMAT=OMF695,INTEL32
-map -maxhexlen=64 -quiet -warnoverlap -xref -unresolved=fatal
-sort NAME=ascending -warn -debug -NOigcase


RANGE ROM $000000 : $01FFFF
RANGE RAM $0B0000 : $0BFFFF
RANGE EXTIO $000000 : $00FFFF
RANGE INTIO $000000 : $0000FF

CHANGE CODE = RAM
CHANGE STRSECT = RAM
CHANGE DATA = RAM 

ORDER CODE,DATA

DEFINE __low_bss = base of BSS
DEFINE __len_bss = length of BSS
DEFINE __heaptop = highaddr of RAM
DEFINE __heapbot = top of RAM + 1

 "template"=  ".\init.obj",  ".\main.obj",  ".\vdp.obj",  ".\mos-interface.obj",  "C:\ZiLOG\ZDSII_eZ80Acclaim!_5.3.5\lib\std\chelpD.lib",  "C:\ZiLOG\ZDSII_eZ80Acclaim!_5.3.5\lib\std\crtD.lib",  "C:\ZiLOG\ZDSII_eZ80Acclaim!_5.3.0\lib\std\crtD.lib",  "C:\ZiLOG\ZDSII_eZ80Acclaim!_5.3.5\lib\std\crtSD.lib",  "C:\ZiLOG\ZDSII_eZ80Acclaim!_5.3.5\lib\std\fplibD.lib",  "C:\ZiLOG\ZDSII_eZ80Acclaim!_5.3.5\lib\std\fplibSD.lib",  "C:\ZiLOG\ZDSII_eZ80Acclaim!_5.3.0\lib\std\crtSD.lib",  "C:\ZiLOG\ZDSII_eZ80Acclaim!_5.3.5\lib\std\nokernelD.lib",  "C:\ZiLOG\ZDSII_eZ80Acclaim!_5.3.5\lib\zilog\zsldevinitdummy.obj"


SPACE ALLOCATION:
=================

Space                     Base         Top      Size      Used    Unused
------------------ ----------- ----------- --------- --------- ---------
RAM                   D:0B0000    D:0B45CA    10000H     45CBH     BA35H
                                          (    65536     17867     47669)


SEGMENTS WITHIN SPACE:
======================

RAM                               Type        Base         Top      Size
------------------ ------------------- ----------- ----------- ---------
BSS                normal data            D:0B459F    D:0B45CA       2ch
CODE               normal data            D:0B0000    D:0B42E7     42e8h
DATA               normal data            D:0B42E8    D:0B4320       39h
STRSECT            normal data            D:0B4321    D:0B459E      27eh

SEGMENTS WITHIN MODULES:
========================

Module: ..\main.c (File: main.obj) Version: 1:0 10/14/2023 22:36:20

    Name                                           Base         Top      Size
    --------------------------------------- ----------- ----------- ---------
    Segment: CODE                              D:0B00E5    D:0B257A     2496h
    Segment: STRSECT                           D:0B4321    D:0B459E      27eh


Module: ..\src\boot\common\zsldevinitdummy.asm (File: zsldevinitdummy.obj) Version: 1:0 10/02/2022 22:49:19

    Name                                           Base         Top      Size
    --------------------------------------- ----------- ----------- ---------
    Segment: CODE                              D:0B3530    D:0B3530        1h


Module: ..\vdp.c (File: vdp.obj) Version: 1:0 10/14/2023 22:36:20

    Name                                           Base         Top      Size
    --------------------------------------- ----------- ----------- ---------
    Segment: CODE                              D:0B257B    D:0B313C      bc2h


Module: .\rtl\common\abs.c (Library: crtD.lib) Version: 1:0 10/02/2022 22:48:07

    Name                                           Base         Top      Size
    --------------------------------------- ----------- ----------- ---------
    Segment: CODE                              D:0B3945    D:0B396D       29h


Module: .\rtl\common\bshl.asm (Library: chelpD.lib) Version: 1:0 10/02/2022 22:48:49

    Name                                           Base         Top      Size
    --------------------------------------- ----------- ----------- ---------
    Segment: CODE                              D:0B42DF    D:0B42E7        9h


Module: .\rtl\common\case8D.asm (Library: chelpD.lib) Version: 1:0 10/02/2022 22:48:53

    Name                                           Base         Top      Size
    --------------------------------------- ----------- ----------- ---------
    Segment: CODE                              D:0B4006    D:0B403F       3ah


Module: .\rtl\common\free.c (Library: nokernelD.lib) Version: 1:0 10/02/2022 22:48:48

    Name                                           Base         Top      Size
    --------------------------------------- ----------- ----------- ---------
    Segment: CODE                              D:0B3546    D:0B3614       cfh


Module: .\rtl\common\icmpzero.asm (Library: chelpD.lib) Version: 1:0 10/02/2022 22:48:52

    Name                                           Base         Top      Size
    --------------------------------------- ----------- ----------- ---------
    Segment: CODE                              D:0B3D43    D:0B3D4E        ch


Module: .\rtl\common\idivs.asm (Library: chelpD.lib) Version: 1:0 10/02/2022 22:48:50

    Name                                           Base         Top      Size
    --------------------------------------- ----------- ----------- ---------
    Segment: CODE                              D:0B3FC6    D:0B3FFE       39h


Module: .\rtl\common\idivu.asm (Library: chelpD.lib) Version: 1:0 10/02/2022 22:48:50

    Name                                           Base         Top      Size
    --------------------------------------- ----------- ----------- ---------
    Segment: CODE                              D:0B39CD    D:0B39ED       21h


Module: .\rtl\common\ildix.asm (Library: chelpD.lib) Version: 1:0 10/02/2022 22:48:50

    Name                                           Base         Top      Size
    --------------------------------------- ----------- ----------- ---------
    Segment: CODE                              D:0B4251    D:0B425C        ch


Module: .\rtl\common\imulu.asm (Library: chelpD.lib) Version: 1:0 10/02/2022 22:48:50

    Name                                           Base         Top      Size
    --------------------------------------- ----------- ----------- ---------
    Segment: CODE                              D:0B3F7E    D:0B3FC5       48h


Module: .\rtl\common\indcall.asm (Library: chelpD.lib) Version: 1:0 10/02/2022 22:48:50

    Name                                           Base         Top      Size
    --------------------------------------- ----------- ----------- ---------
    Segment: CODE                              D:0B408D    D:0B408E        2h


Module: .\rtl\common\ineg.asm (Library: chelpD.lib) Version: 1:0 10/02/2022 22:48:50

    Name                                           Base         Top      Size
    --------------------------------------- ----------- ----------- ---------
    Segment: CODE                              D:0B4040    D:0B4048        9h


Module: .\rtl\common\ior.asm (Library: chelpD.lib) Version: 1:0 10/02/2022 22:48:50

    Name                                           Base         Top      Size
    --------------------------------------- ----------- ----------- ---------
    Segment: CODE                              D:0B3907    D:0B3921       1bh


Module: .\rtl\common\irems.asm (Library: chelpD.lib) Version: 1:0 10/02/2022 22:48:50

    Name                                           Base         Top      Size
    --------------------------------------- ----------- ----------- ---------
    Segment: CODE                              D:0B36FE    D:0B3735       38h


Module: .\rtl\common\iremu.asm (Library: chelpD.lib) Version: 1:0 10/02/2022 22:48:50

    Name                                           Base         Top      Size
    --------------------------------------- ----------- ----------- ---------
    Segment: CODE                              D:0B3767    D:0B376F        9h


Module: .\rtl\common\ishrs.asm (Library: chelpD.lib) Version: 1:0 10/02/2022 22:48:50

    Name                                           Base         Top      Size
    --------------------------------------- ----------- ----------- ---------
    Segment: CODE                              D:0B3736    D:0B375A       25h


Module: .\rtl\common\istix.asm (Library: chelpD.lib) Version: 1:0 10/02/2022 22:48:50

    Name                                           Base         Top      Size
    --------------------------------------- ----------- ----------- ---------
    Segment: CODE                              D:0B375B    D:0B3766        ch


Module: .\rtl\common\itol.asm (Library: chelpD.lib) Version: 1:0 10/02/2022 22:48:50

    Name                                           Base         Top      Size
    --------------------------------------- ----------- ----------- ---------
    Segment: CODE                              D:0B3FFF    D:0B4005        7h


Module: .\rtl\common\ladd.asm (Library: chelpD.lib) Version: 1:0 10/02/2022 22:48:50

    Name                                           Base         Top      Size
    --------------------------------------- ----------- ----------- ---------
    Segment: CODE                              D:0B3531    D:0B3545       15h


Module: .\rtl\common\lcmpu.asm (Library: chelpD.lib) Version: 1:0 10/02/2022 22:48:50

    Name                                           Base         Top      Size
    --------------------------------------- ----------- ----------- ---------
    Segment: CODE                              D:0B4049    D:0B405E       16h


Module: .\rtl\common\lcmpzero.asm (Library: chelpD.lib) Version: 1:0 10/02/2022 22:48:52

    Name                                           Base         Top      Size
    --------------------------------------- ----------- ----------- ---------
    Segment: CODE                              D:0B3CB1    D:0B3CC4       14h


Module: .\rtl\common\ldivu.asm (Library: chelpD.lib) Version: 1:0 10/02/2022 22:48:50

    Name                                           Base         Top      Size
    --------------------------------------- ----------- ----------- ---------
    Segment: CODE                              D:0B3CC5    D:0B3CFA       36h


Module: .\rtl\common\lmulu.asm (Library: chelpD.lib) Version: 1:0 10/02/2022 22:48:50

    Name                                           Base         Top      Size
    --------------------------------------- ----------- ----------- ---------
    Segment: CODE                              D:0B4272    D:0B42DE       6dh


Module: .\rtl\common\lneg.asm (Library: chelpD.lib) Version: 1:0 10/02/2022 22:48:50

    Name                                           Base         Top      Size
    --------------------------------------- ----------- ----------- ---------
    Segment: CODE                              D:0B3CA4    D:0B3CB0        dh


Module: .\rtl\common\lremu.asm (Library: chelpD.lib) Version: 1:0 10/02/2022 22:48:50

    Name                                           Base         Top      Size
    --------------------------------------- ----------- ----------- ---------
    Segment: CODE                              D:0B405F    D:0B406E       10h


Module: .\rtl\common\lsub.asm (Library: chelpD.lib) Version: 1:0 10/02/2022 22:48:51

    Name                                           Base         Top      Size
    --------------------------------------- ----------- ----------- ---------
    Segment: CODE                              D:0B3D17    D:0B3D22        ch


Module: .\rtl\common\malloc.c (Library: nokernelD.lib) Version: 1:0 10/02/2022 22:48:48

    Name                                           Base         Top      Size
    --------------------------------------- ----------- ----------- ---------
    Segment: BSS                               D:0B459F    D:0B45A4        6h
    Segment: CODE                              D:0B3615    D:0B36FD       e9h


Module: .\rtl\common\memcpy.asm (Library: crtD.lib) Version: 1:0 10/02/2022 22:48:13

    Name                                           Base         Top      Size
    --------------------------------------- ----------- ----------- ---------
    Segment: CODE                              D:0B3CFB    D:0B3D16       1ch


Module: .\rtl\common\memset.asm (Library: crtD.lib) Version: 1:0 10/02/2022 22:48:13

    Name                                           Base         Top      Size
    --------------------------------------- ----------- ----------- ---------
    Segment: CODE                              D:0B408F    D:0B40AF       21h


Module: .\rtl\common\print_globals.c (Library: crtSD.lib) Version: 1:0 10/02/2022 22:48:26

    Name                                           Base         Top      Size
    --------------------------------------- ----------- ----------- ---------
    Segment: BSS                               D:0B45A5    D:0B45CA       26h
    Segment: DATA                              D:0B431B    D:0B431D        3h


Module: .\rtl\common\print_putch.c (Library: crtSD.lib) Version: 1:0 10/02/2022 22:48:26

    Name                                           Base         Top      Size
    --------------------------------------- ----------- ----------- ---------
    Segment: CODE                              D:0B406F    D:0B408C       1eh


Module: .\rtl\common\print_putstring.c (Library: crtSD.lib) Version: 1:0 10/02/2022 22:48:27

    Name                                           Base         Top      Size
    --------------------------------------- ----------- ----------- ---------
    Segment: CODE                              D:0B3770    D:0B38DA      16bh


Module: .\rtl\common\print_send.c (Library: crtSD.lib) Version: 1:0 10/02/2022 22:48:27

    Name                                           Base         Top      Size
    --------------------------------------- ----------- ----------- ---------
    Segment: CODE                              D:0B3D4F    D:0B3F06      1b8h


Module: .\rtl\common\print_sputch.c (Library: crtSD.lib) Version: 1:0 10/02/2022 22:48:26

    Name                                           Base         Top      Size
    --------------------------------------- ----------- ----------- ---------
    Segment: CODE                              D:0B396E    D:0B3998       2bh


Module: .\rtl\common\print_uputch.c (Library: crtSD.lib) Version: 1:0 10/02/2022 22:48:26

    Name                                           Base         Top      Size
    --------------------------------------- ----------- ----------- ---------
    Segment: CODE                              D:0B3928    D:0B3944       1dh


Module: .\rtl\common\sbrk.asm (Library: crtD.lib) Version: 1:0 10/02/2022 22:48:13

    Name                                           Base         Top      Size
    --------------------------------------- ----------- ----------- ---------
    Segment: CODE                              D:0B3D23    D:0B3D42       20h
    Segment: DATA                              D:0B431E    D:0B4320        3h


Module: .\rtl\common\setflag.asm (Library: chelpD.lib) Version: 1:0 10/02/2022 22:48:52

    Name                                           Base         Top      Size
    --------------------------------------- ----------- ----------- ---------
    Segment: CODE                              D:0B38DB    D:0B38E9        fh


Module: .\rtl\common\smulu.asm (Library: chelpD.lib) Version: 1:0 10/02/2022 22:48:51

    Name                                           Base         Top      Size
    --------------------------------------- ----------- ----------- ---------
    Segment: CODE                              D:0B425D    D:0B4271       15h


Module: .\rtl\common\stoi.asm (Library: chelpD.lib) Version: 1:0 10/02/2022 22:48:51

    Name                                           Base         Top      Size
    --------------------------------------- ----------- ----------- ---------
    Segment: CODE                              D:0B4249    D:0B4250        8h


Module: .\rtl\common\stoiu.asm (Library: chelpD.lib) Version: 1:0 10/02/2022 22:48:51

    Name                                           Base         Top      Size
    --------------------------------------- ----------- ----------- ---------
    Segment: CODE                              D:0B3922    D:0B3927        6h


Module: .\rtl\common\uitoa.c (Library: crtSD.lib) Version: 1:0 10/02/2022 22:48:27

    Name                                           Base         Top      Size
    --------------------------------------- ----------- ----------- ---------
    Segment: CODE                              D:0B39EE    D:0B3A0F       22h


Module: .\rtl\common\ultoa.c (Library: crtSD.lib) Version: 1:0 10/02/2022 22:48:28

    Name                                           Base         Top      Size
    --------------------------------------- ----------- ----------- ---------
    Segment: CODE                              D:0B3A10    D:0B3CA3      294h


Module: .\rtl\common\ureverse.c (Library: crtD.lib) Version: 1:0 10/02/2022 22:48:13

    Name                                           Base         Top      Size
    --------------------------------------- ----------- ----------- ---------
    Segment: CODE                              D:0B3F07    D:0B3F7D       77h


Module: .\rtl\common\uuitoa.c (Library: crtSD.lib) Version: 1:0 10/02/2022 22:48:29

    Name                                           Base         Top      Size
    --------------------------------------- ----------- ----------- ---------
    Segment: CODE                              D:0B39AE    D:0B39CC       1fh


Module: .\rtl\common\uultoa.c (Library: crtSD.lib) Version: 1:0 10/02/2022 22:48:29

    Name                                           Base         Top      Size
    --------------------------------------- ----------- ----------- ---------
    Segment: CODE                              D:0B40B0    D:0B4248      199h


Module: .\strcmp.asm (Library: crtD.lib) Version: 1:0 10/02/2022 22:48:13

    Name                                           Base         Top      Size
    --------------------------------------- ----------- ----------- ---------
    Segment: CODE                              D:0B38EA    D:0B3906       1dh


Module: .\strlen.asm (Library: crtD.lib) Version: 1:0 10/02/2022 22:48:13

    Name                                           Base         Top      Size
    --------------------------------------- ----------- ----------- ---------
    Segment: CODE                              D:0B3999    D:0B39AD       15h


Module: D:\agon_bmp\agon_bmp_buffer\agon_bmp_buffer\init.asm (File: init.obj) Version: 1:0 10/14/2023 22:36:20

    Name                                           Base         Top      Size
    --------------------------------------- ----------- ----------- ---------
    Segment: CODE                              D:0B0000    D:0B00E4       e5h
    Segment: DATA                              D:0B42E8    D:0B431A       33h


Module: D:\agon_bmp\agon_bmp_buffer\agon_bmp_buffer\mos-interface.asm (File: mos-interface.obj) Version: 1:0 10/14/2023 22:36:20

    Name                                           Base         Top      Size
    --------------------------------------- ----------- ----------- ---------
    Segment: CODE                              D:0B313D    D:0B352F      3f3h

EXTERNAL DEFINITIONS:
=====================

Symbol                               Address Module          Segment
-------------------------------- ----------- --------------- --------------------------------
___print_buff                       D:0B45A5 print_globals   BSS                             
___print_fmt                        D:0B45B3 print_globals   BSS                             
___print_leading_char               D:0B45C7 print_globals   BSS                             
___print_len                        D:0B45C6 print_globals   BSS                             
___print_out                        D:0B45C8 print_globals   BSS                             
___print_putch                      D:0B406F print_putch     CODE                            
___print_send                       D:0B3D4F print_send      CODE                            
___print_sendstring                 D:0B3770 print_putstring CODE                            
___print_sputch                     D:0B396E print_sputch    CODE                            
___print_uputch                     D:0B3928 print_uputch    CODE                            
___print_xputch                     D:0B431B print_globals   DATA                            
__alloc_base                        D:0B459F malloc          BSS                             
__bshl                              D:0B42DF bshl            CODE                            
__case8D                            D:0B4006 case8D          CODE                            
__close_periphdevice                D:0B3530 zsldevinitdummy CODE                            
__heapbot                           000B45CB (User Defined)
__heaptop                           000BFFFF (User Defined)
__icmpzero                          D:0B3D43 icmpzero        CODE                            
__idivs                             D:0B3FC6 idivs           CODE                            
__idivu                             D:0B39CD idivu           CODE                            
__idvrmu                            D:0B39D7 idivu           CODE                            
__ildix                             D:0B4251 ildix           CODE                            
__imul_b                            D:0B3F7E imulu           CODE                            
__imuls                             D:0B3F8A imulu           CODE                            
__imulu                             D:0B3F8A imulu           CODE                            
__indcall                           D:0B408D indcall         CODE                            
__ineg                              D:0B4040 ineg            CODE                            
__ior                               D:0B3907 ior             CODE                            
__irems                             D:0B36FE irems           CODE                            
__iremu                             D:0B3767 iremu           CODE                            
__ishrs                             D:0B373E ishrs           CODE                            
__ishrs_b                           D:0B3736 ishrs           CODE                            
__istix                             D:0B375B istix           CODE                            
__itol                              D:0B3FFF itol            CODE                            
__ladd                              D:0B3540 ladd            CODE                            
__ladd_b                            D:0B3531 ladd            CODE                            
__lcmps                             D:0B4049 lcmpu           CODE                            
__lcmpu                             D:0B4049 lcmpu           CODE                            
__lcmpzero                          D:0B3CB1 lcmpzero        CODE                            
__ldivu                             D:0B3CC5 ldivu           CODE                            
__ldvrmu                            D:0B3CD7 ldivu           CODE                            
__len_bss                           0000002C (User Defined)
__lmuls                             D:0B4272 lmulu           CODE                            
__lmulu                             D:0B4272 lmulu           CODE                            
__lneg                              D:0B3CA4 lneg            CODE                            
__low_bss                           000B459F (User Defined)
__lremu                             D:0B405F lremu           CODE                            
__lsub                              D:0B3D17 lsub            CODE                            
__open_periphdevice                 D:0B3530 zsldevinitdummy CODE                            
__putch                             D:0B313D mos-interface   CODE                            
__s_sbrk                            D:0B3D23 sbrk            CODE                            
__setflag                           D:0B38DB setflag         CODE                            
__smuls                             D:0B425D smulu           CODE                            
__smulu                             D:0B425D smulu           CODE                            
__sneg                              D:0B4040 ineg            CODE                            
__stoi                              D:0B4249 stoi            CODE                            
__stoiu                             D:0B3922 stoiu           CODE                            
__u_itoa                            D:0B39EE uitoa           CODE                            
__u_ltoa                            D:0B3A10 ultoa           CODE                            
__u_reverse                         D:0B3F07 ureverse        CODE                            
__u_uitoa                           D:0B39AE uuitoa          CODE                            
__u_ultoa                           D:0B40B0 uultoa          CODE                            
_abs                                D:0B3945 abs             CODE                            
_add_stream_to_buffer               D:0B05DB main            CODE                            
_assign_buffer_to_bitmap            D:0B0670 main            CODE                            
_bgr888_to_rgba2222                 D:0B08FC main            CODE                            
_bgra8888_to_rgba2222               D:0B09BC main            CODE                            
_clear_buffer                       D:0B0567 main            CODE                            
_close_periphdevice                 D:0B3530 zsldevinitdummy CODE                            
_delay_secs                         D:0B00E5 main            CODE                            
_flip                               D:0B0197 main            CODE                            
_free                               D:0B3546 free            CODE                            
_generic8888_to_rgba2222            D:0B0AA8 main            CODE                            
_get_info                           D:0B0CE4 main            CODE                            
_getByte                            D:0B0BB2 main            CODE                            
_getch                              D:0B316E mos-interface   CODE                            
_getsysvar_audioChannel             D:0B31DE mos-interface   CODE                            
_getsysvar_audioSuccess             D:0B31EA mos-interface   CODE                            
_getsysvar_cursorX                  D:0B31AE mos-interface   CODE                            
_getsysvar_cursorY                  D:0B31BA mos-interface   CODE                            
_getsysvar_keyascii                 D:0B3196 mos-interface   CODE                            
_getsysvar_keydelay                 D:0B3282 mos-interface   CODE                            
_getsysvar_keyled                   D:0B32A8 mos-interface   CODE                            
_getsysvar_keymods                  D:0B31A2 mos-interface   CODE                            
_getsysvar_keyrate                  D:0B3295 mos-interface   CODE                            
_getsysvar_rtc                      D:0B3270 mos-interface   CODE                            
_getsysvar_scrchar                  D:0B31C6 mos-interface   CODE                            
_getsysvar_scrColours               D:0B3234 mos-interface   CODE                            
_getsysvar_scrCols                  D:0B321C mos-interface   CODE                            
_getsysvar_scrheight                D:0B3209 mos-interface   CODE                            
_getsysvar_scrpixel                 D:0B31D2 mos-interface   CODE                            
_getsysvar_scrpixelIndex            D:0B3240 mos-interface   CODE                            
_getsysvar_scrRows                  D:0B3228 mos-interface   CODE                            
_getsysvar_scrwidth                 D:0B31F6 mos-interface   CODE                            
_getsysvar_vkeycode                 D:0B324C mos-interface   CODE                            
_getsysvar_vkeycount                D:0B3264 mos-interface   CODE                            
_getsysvar_vkeydown                 D:0B3258 mos-interface   CODE                            
_getsysvar_vpd_pflags               D:0B318A mos-interface   CODE                            
_load_bmp_clean                     D:0B1515 main            CODE                            
_main                               D:0B2276 main            CODE                            
_malloc                             D:0B364B malloc          CODE                            
_max                                D:0B016A main            CODE                            
_memcpy                             D:0B3CFB memcpy          CODE                            
_memset                             D:0B408F memset          CODE                            
_min                                D:0B013D main            CODE                            
_mos_cd                             D:0B32EA mos-interface   CODE                            
_mos_copy                           D:0B3341 mos-interface   CODE                            
_mos_del                            D:0B3314 mos-interface   CODE                            
_mos_dir                            D:0B32FF mos-interface   CODE                            
_mos_editline                       D:0B337A mos-interface   CODE                            
_mos_fclose                         D:0B33AD mos-interface   CODE                            
_mos_feof                           D:0B33EF mos-interface   CODE                            
_mos_fgetc                          D:0B33C2 mos-interface   CODE                            
_mos_flseek                         D:0B34FC mos-interface   CODE                            
_mos_fopen                          D:0B3395 mos-interface   CODE                            
_mos_fputc                          D:0B33D7 mos-interface   CODE                            
_mos_fread                          D:0B34C2 mos-interface   CODE                            
_mos_fwrite                         D:0B34DF mos-interface   CODE                            
_mos_getError                       D:0B3404 mos-interface   CODE                            
_mos_getfil                         D:0B351B mos-interface   CODE                            
_mos_getrtc                         D:0B343A mos-interface   CODE                            
_mos_load                           D:0B32B4 mos-interface   CODE                            
_mos_mkdir                          D:0B3359 mos-interface   CODE                            
_mos_oscli                          D:0B341F mos-interface   CODE                            
_mos_puts                           D:0B3155 mos-interface   CODE                            
_mos_ren                            D:0B3329 mos-interface   CODE                            
_mos_save                           D:0B32CF mos-interface   CODE                            
_mos_setintvector                   D:0B3464 mos-interface   CODE                            
_mos_setrtc                         D:0B344F mos-interface   CODE                            
_mos_sysvars                        D:0B336E mos-interface   CODE                            
_mos_uclose                         D:0B3498 mos-interface   CODE                            
_mos_ugetc                          D:0B34A1 mos-interface   CODE                            
_mos_uopen                          D:0B347C mos-interface   CODE                            
_mos_uputc                          D:0B34B3 mos-interface   CODE                            
_open_periphdevice                  D:0B3530 zsldevinitdummy CODE                            
_print_bin                          D:0B0C2B main            CODE                            
_putch                              D:0B313D mos-interface   CODE                            
_reorder                            D:0B06F5 main            CODE                            
_reorder_and_insert                 D:0B0783 main            CODE                            
_rgba8888_to_rgba2222               D:0B049A main            CODE                            
_select_buffer                      D:0B05A6 main            CODE                            
_strcmp                             D:0B38EA strcmp          CODE                            
_strlen                             D:0B3999 strlen          CODE                            
_strtou16                           D:0B1F97 main            CODE                            
_strtou24                           D:0B215D main            CODE                            
_strtou8                            D:0B2090 main            CODE                            
_twiddle_buffer                     D:0B028B main            CODE                            
_vdp_asciiCodeAt                    D:0B2FF7 vdp             CODE                            
_vdp_bgcolour                       D:0B27C4 vdp             CODE                            
_vdp_bitmapCreateSolidColor         D:0B2B9B vdp             CODE                            
_vdp_bitmapCreateSolidColorSelec    D:0B2B4D vdp             CODE                            
_vdp_bitmapDraw                     D:0B2B26 vdp             CODE                            
_vdp_bitmapDrawSelected             D:0B2AE8 vdp             CODE                            
_vdp_bitmapSelect                   D:0B29DC vdp             CODE                            
_vdp_bitmapSendData                 D:0B2ABC vdp             CODE                            
_vdp_bitmapSendDataSelected         D:0B2A15 vdp             CODE                            
_vdp_clearGraphics                  D:0B27F1 vdp             CODE                            
_vdp_cls                            D:0B2725 vdp             CODE                            
_vdp_cursorDisable                  D:0B309C vdp             CODE                            
_vdp_cursorEnable                   D:0B30C8 vdp             CODE                            
_vdp_cursorGetXpos                  D:0B2F5D vdp             CODE                            
_vdp_cursorGetYpos                  D:0B2FAA vdp             CODE                            
_vdp_cursorGoto                     D:0B276D vdp             CODE                            
_vdp_cursorHome                     D:0B273D vdp             CODE                            
_vdp_cursorUp                       D:0B2755 vdp             CODE                            
_vdp_extended_select                D:0B063B main            CODE                            
_vdp_fgcolour                       D:0B279F vdp             CODE                            
_vdp_getMode                        D:0B26A0 vdp             CODE                            
_vdp_mode                           D:0B267B vdp             CODE                            
_vdp_plot                           D:0B2838 vdp             CODE                            
_vdp_plotCircleCircumference        D:0B2953 vdp             CODE                            
_vdp_plotCircleRadius               D:0B2930 vdp             CODE                            
_vdp_plotColour                     D:0B2809 vdp             CODE                            
_vdp_plotLineTo                     D:0B28CA vdp             CODE                            
_vdp_plotMoveTo                     D:0B28A8 vdp             CODE                            
_vdp_plotPoint                      D:0B28EC vdp             CODE                            
_vdp_plotSetOrigin                  D:0B2975 vdp             CODE                            
_vdp_plotTriangle                   D:0B290E vdp             CODE                            
_vdp_scroll                         D:0B30F4 vdp             CODE                            
_vdp_setpagedMode                   D:0B3072 vdp             CODE                            
_vdp_setPaletteColor                D:0B26CC vdp             CODE                            
_vdp_spriteActivateTotal            D:0B2EF8 vdp             CODE                            
_vdp_spriteAddFrame                 D:0B2C89 vdp             CODE                            
_vdp_spriteAddFrameSelected         D:0B2C50 vdp             CODE                            
_vdp_spriteClearFrames              D:0B2C33 vdp             CODE                            
_vdp_spriteClearFramesSelected      D:0B2C07 vdp             CODE                            
_vdp_spriteHide                     D:0B2E11 vdp             CODE                            
_vdp_spriteHideSelected             D:0B2DE5 vdp             CODE                            
_vdp_spriteMoveBy                   D:0B2ED1 vdp             CODE                            
_vdp_spriteMoveBySelected           D:0B2E93 vdp             CODE                            
_vdp_spriteMoveTo                   D:0B2E6C vdp             CODE                            
_vdp_spriteMoveToSelected           D:0B2E2E vdp             CODE                            
_vdp_spriteNextFrame                D:0B2CD9 vdp             CODE                            
_vdp_spriteNextFrameSelected        D:0B2CAD vdp             CODE                            
_vdp_spritePreviousFrame            D:0B2D22 vdp             CODE                            
_vdp_spritePreviousFrameSelected    D:0B2CF6 vdp             CODE                            
_vdp_spriteRefresh                  D:0B2F31 vdp             CODE                            
_vdp_spriteSelect                   D:0B2BCE vdp             CODE                            
_vdp_spriteSetFrame                 D:0B2D78 vdp             CODE                            
_vdp_spriteSetFrameSelected         D:0B2D3F vdp             CODE                            
_vdp_spriteShow                     D:0B2DC8 vdp             CODE                            
_vdp_spriteShowSelected             D:0B2D9C vdp             CODE                            
_waitvblank                         D:0B3177 mos-interface   CODE                            
_write16bit                         D:0B257B vdp             CODE                            
_write24bit                         D:0B25B7 vdp             CODE                            
_write32bit                         D:0B2618 vdp             CODE                            

206 external symbol(s).

SYMBOL CROSS REFERENCE:
=======================
Name                              Use         Module
--------------------------------- ----------- -------------------------
___print_buff                     Defined     .\rtl\common\print_globals.c
                                  Referenced  .\rtl\common\ultoa.c
                                  Referenced  .\rtl\common\print_send.c
                                  Referenced  .\rtl\common\uultoa.c
___print_fmt                      Defined     .\rtl\common\print_globals.c
                                  Referenced  ..\main.c
                                  Referenced  .\rtl\common\print_putstring.c
                                  Referenced  .\rtl\common\ultoa.c
                                  Referenced  .\rtl\common\print_send.c
                                  Referenced  .\rtl\common\uultoa.c
___print_leading_char             Defined     .\rtl\common\print_globals.c
                                  Referenced  .\rtl\common\ultoa.c
                                  Referenced  .\rtl\common\print_send.c
___print_len                      Defined     .\rtl\common\print_globals.c
                                  Referenced  .\rtl\common\print_putstring.c
                                  Referenced  .\rtl\common\print_send.c
___print_out                      Defined     .\rtl\common\print_globals.c
                                  Referenced  .\rtl\common\print_sputch.c
___print_putch                    Defined     .\rtl\common\print_putch.c
                                  Referenced  .\rtl\common\print_putstring.c
                                  Referenced  .\rtl\common\print_send.c
___print_send                     Defined     .\rtl\common\print_send.c
                                  Referenced  .\rtl\common\ultoa.c
                                  Referenced  .\rtl\common\uultoa.c
___print_sendstring               Defined     .\rtl\common\print_putstring.c
                                  Referenced  ..\main.c
___print_sputch                   Defined     .\rtl\common\print_sputch.c
                                  Referenced  .\rtl\common\print_globals.c
___print_uputch                   Defined     .\rtl\common\print_uputch.c
                                  Referenced  ..\main.c
___print_xputch                   Defined     .\rtl\common\print_globals.c
                                  Referenced  ..\main.c
                                  Referenced  .\rtl\common\print_putch.c
__alloc_base                      Defined     .\rtl\common\malloc.c
                                  Referenced  .\rtl\common\free.c
__bshl                            Defined     .\rtl\common\bshl.asm
                                  Referenced  ..\main.c
__case8D                          Defined     .\rtl\common\case8D.asm
                                  Referenced  .\rtl\common\ultoa.c
                                  Referenced  .\rtl\common\uultoa.c
__close_periphdevice              Defined     ..\src\boot\common\zsldevinitdummy.asm
__heapbot                         Defined     LINKER
                                  Referenced  .\rtl\common\sbrk.asm
__heaptop                         Defined     LINKER
__icmpzero                        Defined     .\rtl\common\icmpzero.asm
                                  Referenced  .\rtl\common\free.c
                                  Referenced  .\rtl\common\malloc.c
                                  Referenced  .\rtl\common\abs.c
__idivs                           Defined     .\rtl\common\idivs.asm
                                  Referenced  ..\main.c
__idivu                           Defined     .\rtl\common\idivu.asm
                                  Referenced  .\rtl\common\idivs.asm
__idvrmu                          Defined     .\rtl\common\idivu.asm
                                  Referenced  .\rtl\common\iremu.asm
__ildix                           Defined     .\rtl\common\ildix.asm
                                  Referenced  ..\main.c
__imul_b                          Defined     .\rtl\common\imulu.asm
__imuls                           Defined     .\rtl\common\imulu.asm
                                  Referenced  ..\main.c
                                  Referenced  ..\vdp.c
__imulu                           Defined     .\rtl\common\imulu.asm
__indcall                         Defined     .\rtl\common\indcall.asm
                                  Referenced  .\rtl\common\print_putch.c
__ineg                            Defined     .\rtl\common\ineg.asm
                                  Referenced  .\rtl\common\abs.c
__ior                             Defined     .\rtl\common\ior.asm
                                  Referenced  ..\vdp.c
__irems                           Defined     .\rtl\common\irems.asm
                                  Referenced  ..\main.c
__iremu                           Defined     .\rtl\common\iremu.asm
                                  Referenced  .\rtl\common\irems.asm
__ishrs                           Defined     .\rtl\common\ishrs.asm
                                  Referenced  ..\main.c
__ishrs_b                         Defined     .\rtl\common\ishrs.asm
                                  Referenced  ..\main.c
__istix                           Defined     .\rtl\common\istix.asm
                                  Referenced  ..\main.c
__itol                            Defined     .\rtl\common\itol.asm
                                  Referenced  ..\main.c
                                  Referenced  .\rtl\common\uitoa.c
__ladd                            Defined     .\rtl\common\ladd.asm
                                  Referenced  ..\main.c
__ladd_b                          Defined     .\rtl\common\ladd.asm
                                  Referenced  ..\main.c
__lcmps                           Defined     .\rtl\common\lcmpu.asm
__lcmpu                           Defined     .\rtl\common\lcmpu.asm
                                  Referenced  ..\main.c
                                  Referenced  .\rtl\common\ultoa.c
                                  Referenced  .\rtl\common\lcmpzero.asm
__lcmpzero                        Defined     .\rtl\common\lcmpzero.asm
                                  Referenced  .\rtl\common\ultoa.c
                                  Referenced  .\rtl\common\uultoa.c
__ldivu                           Defined     .\rtl\common\ldivu.asm
                                  Referenced  .\rtl\common\ultoa.c
                                  Referenced  .\rtl\common\uultoa.c
__ldvrmu                          Defined     .\rtl\common\ldivu.asm
                                  Referenced  .\rtl\common\lremu.asm
__len_bss                         Defined     LINKER
                                  Referenced  D:\agon_bmp\agon_bmp_buffer\agon_bmp_buffer\init.asm
__lmuls                           Defined     .\rtl\common\lmulu.asm
__lmulu                           Defined     .\rtl\common\lmulu.asm
                                  Referenced  ..\main.c
__lneg                            Defined     .\rtl\common\lneg.asm
                                  Referenced  .\rtl\common\ultoa.c
__low_bss                         Defined     LINKER
                                  Referenced  D:\agon_bmp\agon_bmp_buffer\agon_bmp_buffer\init.asm
__lremu                           Defined     .\rtl\common\lremu.asm
                                  Referenced  .\rtl\common\ultoa.c
                                  Referenced  .\rtl\common\uultoa.c
__lsub                            Defined     .\rtl\common\lsub.asm
                                  Referenced  ..\main.c
__open_periphdevice               Defined     ..\src\boot\common\zsldevinitdummy.asm
__putch                           Defined     D:\agon_bmp\agon_bmp_buffer\agon_bmp_buffer\mos-interface.asm
__s_sbrk                          Defined     .\rtl\common\sbrk.asm
                                  Referenced  .\rtl\common\malloc.c
__setflag                         Defined     .\rtl\common\setflag.asm
                                  Referenced  .\rtl\common\print_putstring.c
                                  Referenced  .\rtl\common\abs.c
                                  Referenced  .\rtl\common\ultoa.c
                                  Referenced  .\rtl\common\print_send.c
__smuls                           Defined     .\rtl\common\smulu.asm
__smulu                           Defined     .\rtl\common\smulu.asm
                                  Referenced  ..\main.c
__sneg                            Defined     .\rtl\common\ineg.asm
__stoi                            Defined     .\rtl\common\stoi.asm
                                  Referenced  ..\main.c
__stoiu                           Defined     .\rtl\common\stoiu.asm
                                  Referenced  ..\main.c
                                  Referenced  ..\vdp.c
__u_itoa                          Defined     .\rtl\common\uitoa.c
                                  Referenced  ..\main.c
__u_ltoa                          Defined     .\rtl\common\ultoa.c
                                  Referenced  .\rtl\common\uitoa.c
__u_reverse                       Defined     .\rtl\common\ureverse.c
                                  Referenced  .\rtl\common\ultoa.c
                                  Referenced  .\rtl\common\uultoa.c
__u_uitoa                         Defined     .\rtl\common\uuitoa.c
                                  Referenced  ..\main.c
__u_ultoa                         Defined     .\rtl\common\uultoa.c
                                  Referenced  .\rtl\common\uuitoa.c
_abs                              Defined     .\rtl\common\abs.c
                                  Referenced  .\rtl\common\print_putstring.c
                                  Referenced  .\rtl\common\print_send.c
_add_stream_to_buffer             Defined     ..\main.c
_assign_buffer_to_bitmap          Defined     ..\main.c
_bgr888_to_rgba2222               Defined     ..\main.c
_bgra8888_to_rgba2222             Defined     ..\main.c
_clear_buffer                     Defined     ..\main.c
_close_periphdevice               Defined     ..\src\boot\common\zsldevinitdummy.asm
_delay_secs                       Defined     ..\main.c
_flip                             Defined     ..\main.c
_free                             Defined     .\rtl\common\free.c
                                  Referenced  ..\main.c
_generic8888_to_rgba2222          Defined     ..\main.c
_get_info                         Defined     ..\main.c
_getByte                          Defined     ..\main.c
_getch                            Defined     D:\agon_bmp\agon_bmp_buffer\agon_bmp_buffer\mos-interface.asm
_getsysvar_audioChannel           Defined     D:\agon_bmp\agon_bmp_buffer\agon_bmp_buffer\mos-interface.asm
_getsysvar_audioSuccess           Defined     D:\agon_bmp\agon_bmp_buffer\agon_bmp_buffer\mos-interface.asm
_getsysvar_cursorX                Defined     D:\agon_bmp\agon_bmp_buffer\agon_bmp_buffer\mos-interface.asm
                                  Referenced  ..\vdp.c
_getsysvar_cursorY                Defined     D:\agon_bmp\agon_bmp_buffer\agon_bmp_buffer\mos-interface.asm
                                  Referenced  ..\vdp.c
_getsysvar_keyascii               Defined     D:\agon_bmp\agon_bmp_buffer\agon_bmp_buffer\mos-interface.asm
_getsysvar_keydelay               Defined     D:\agon_bmp\agon_bmp_buffer\agon_bmp_buffer\mos-interface.asm
_getsysvar_keyled                 Defined     D:\agon_bmp\agon_bmp_buffer\agon_bmp_buffer\mos-interface.asm
_getsysvar_keymods                Defined     D:\agon_bmp\agon_bmp_buffer\agon_bmp_buffer\mos-interface.asm
_getsysvar_keyrate                Defined     D:\agon_bmp\agon_bmp_buffer\agon_bmp_buffer\mos-interface.asm
_getsysvar_rtc                    Defined     D:\agon_bmp\agon_bmp_buffer\agon_bmp_buffer\mos-interface.asm
_getsysvar_scrchar                Defined     D:\agon_bmp\agon_bmp_buffer\agon_bmp_buffer\mos-interface.asm
                                  Referenced  ..\vdp.c
_getsysvar_scrColours             Defined     D:\agon_bmp\agon_bmp_buffer\agon_bmp_buffer\mos-interface.asm
_getsysvar_scrCols                Defined     D:\agon_bmp\agon_bmp_buffer\agon_bmp_buffer\mos-interface.asm
_getsysvar_scrheight              Defined     D:\agon_bmp\agon_bmp_buffer\agon_bmp_buffer\mos-interface.asm
                                  Referenced  ..\main.c
_getsysvar_scrpixel               Defined     D:\agon_bmp\agon_bmp_buffer\agon_bmp_buffer\mos-interface.asm
_getsysvar_scrpixelIndex          Defined     D:\agon_bmp\agon_bmp_buffer\agon_bmp_buffer\mos-interface.asm
_getsysvar_scrRows                Defined     D:\agon_bmp\agon_bmp_buffer\agon_bmp_buffer\mos-interface.asm
_getsysvar_scrwidth               Defined     D:\agon_bmp\agon_bmp_buffer\agon_bmp_buffer\mos-interface.asm
                                  Referenced  ..\main.c
_getsysvar_vkeycode               Defined     D:\agon_bmp\agon_bmp_buffer\agon_bmp_buffer\mos-interface.asm
_getsysvar_vkeycount              Defined     D:\agon_bmp\agon_bmp_buffer\agon_bmp_buffer\mos-interface.asm
_getsysvar_vkeydown               Defined     D:\agon_bmp\agon_bmp_buffer\agon_bmp_buffer\mos-interface.asm
_getsysvar_vpd_pflags             Defined     D:\agon_bmp\agon_bmp_buffer\agon_bmp_buffer\mos-interface.asm
_load_bmp_clean                   Defined     ..\main.c
_main                             Defined     ..\main.c
                                  Referenced  D:\agon_bmp\agon_bmp_buffer\agon_bmp_buffer\init.asm
_malloc                           Defined     .\rtl\common\malloc.c
                                  Referenced  ..\main.c
_max                              Defined     ..\main.c
_memcpy                           Defined     .\rtl\common\memcpy.asm
                                  Referenced  ..\main.c
_memset                           Defined     .\rtl\common\memset.asm
                                  Referenced  ..\main.c
_min                              Defined     ..\main.c
_mos_cd                           Defined     D:\agon_bmp\agon_bmp_buffer\agon_bmp_buffer\mos-interface.asm
_mos_copy                         Defined     D:\agon_bmp\agon_bmp_buffer\agon_bmp_buffer\mos-interface.asm
_mos_del                          Defined     D:\agon_bmp\agon_bmp_buffer\agon_bmp_buffer\mos-interface.asm
_mos_dir                          Defined     D:\agon_bmp\agon_bmp_buffer\agon_bmp_buffer\mos-interface.asm
_mos_editline                     Defined     D:\agon_bmp\agon_bmp_buffer\agon_bmp_buffer\mos-interface.asm
_mos_fclose                       Defined     D:\agon_bmp\agon_bmp_buffer\agon_bmp_buffer\mos-interface.asm
                                  Referenced  ..\main.c
_mos_feof                         Defined     D:\agon_bmp\agon_bmp_buffer\agon_bmp_buffer\mos-interface.asm
_mos_fgetc                        Defined     D:\agon_bmp\agon_bmp_buffer\agon_bmp_buffer\mos-interface.asm
                                  Referenced  ..\main.c
_mos_flseek                       Defined     D:\agon_bmp\agon_bmp_buffer\agon_bmp_buffer\mos-interface.asm
                                  Referenced  ..\main.c
_mos_fopen                        Defined     D:\agon_bmp\agon_bmp_buffer\agon_bmp_buffer\mos-interface.asm
                                  Referenced  ..\main.c
_mos_fputc                        Defined     D:\agon_bmp\agon_bmp_buffer\agon_bmp_buffer\mos-interface.asm
_mos_fread                        Defined     D:\agon_bmp\agon_bmp_buffer\agon_bmp_buffer\mos-interface.asm
                                  Referenced  ..\main.c
_mos_fwrite                       Defined     D:\agon_bmp\agon_bmp_buffer\agon_bmp_buffer\mos-interface.asm
_mos_getError                     Defined     D:\agon_bmp\agon_bmp_buffer\agon_bmp_buffer\mos-interface.asm
_mos_getfil                       Defined     D:\agon_bmp\agon_bmp_buffer\agon_bmp_buffer\mos-interface.asm
                                  Referenced  ..\main.c
_mos_getrtc                       Defined     D:\agon_bmp\agon_bmp_buffer\agon_bmp_buffer\mos-interface.asm
_mos_load                         Defined     D:\agon_bmp\agon_bmp_buffer\agon_bmp_buffer\mos-interface.asm
_mos_mkdir                        Defined     D:\agon_bmp\agon_bmp_buffer\agon_bmp_buffer\mos-interface.asm
_mos_oscli                        Defined     D:\agon_bmp\agon_bmp_buffer\agon_bmp_buffer\mos-interface.asm
_mos_puts                         Defined     D:\agon_bmp\agon_bmp_buffer\agon_bmp_buffer\mos-interface.asm
                                  Referenced  ..\main.c
_mos_ren                          Defined     D:\agon_bmp\agon_bmp_buffer\agon_bmp_buffer\mos-interface.asm
_mos_save                         Defined     D:\agon_bmp\agon_bmp_buffer\agon_bmp_buffer\mos-interface.asm
_mos_setintvector                 Defined     D:\agon_bmp\agon_bmp_buffer\agon_bmp_buffer\mos-interface.asm
_mos_setrtc                       Defined     D:\agon_bmp\agon_bmp_buffer\agon_bmp_buffer\mos-interface.asm
_mos_sysvars                      Defined     D:\agon_bmp\agon_bmp_buffer\agon_bmp_buffer\mos-interface.asm
_mos_uclose                       Defined     D:\agon_bmp\agon_bmp_buffer\agon_bmp_buffer\mos-interface.asm
_mos_ugetc                        Defined     D:\agon_bmp\agon_bmp_buffer\agon_bmp_buffer\mos-interface.asm
_mos_uopen                        Defined     D:\agon_bmp\agon_bmp_buffer\agon_bmp_buffer\mos-interface.asm
_mos_uputc                        Defined     D:\agon_bmp\agon_bmp_buffer\agon_bmp_buffer\mos-interface.asm
_open_periphdevice                Defined     ..\src\boot\common\zsldevinitdummy.asm
_print_bin                        Defined     ..\main.c
_putch                            Defined     D:\agon_bmp\agon_bmp_buffer\agon_bmp_buffer\mos-interface.asm
                                  Referenced  ..\main.c
                                  Referenced  ..\vdp.c
                                  Referenced  .\rtl\common\print_uputch.c
_reorder                          Defined     ..\main.c
_reorder_and_insert               Defined     ..\main.c
_rgba8888_to_rgba2222             Defined     ..\main.c
_select_buffer                    Defined     ..\main.c
_strcmp                           Defined     .\strcmp.asm
                                  Referenced  ..\main.c
_strlen                           Defined     .\strlen.asm
                                  Referenced  .\rtl\common\print_putstring.c
                                  Referenced  .\rtl\common\print_send.c
                                  Referenced  .\rtl\common\ureverse.c
_strtou16                         Defined     ..\main.c
_strtou24                         Defined     ..\main.c
_strtou8                          Defined     ..\main.c
_twiddle_buffer                   Defined     ..\main.c
_vdp_asciiCodeAt                  Defined     ..\vdp.c
_vdp_bgcolour                     Defined     ..\vdp.c
_vdp_bitmapCreateSolidColor       Defined     ..\vdp.c
_vdp_bitmapCreateSolidColorSelect Defined     ..\vdp.c
_vdp_bitmapDraw                   Defined     ..\vdp.c
_vdp_bitmapDrawSelected           Defined     ..\vdp.c
                                  Referenced  ..\main.c
_vdp_bitmapSelect                 Defined     ..\vdp.c
_vdp_bitmapSendData               Defined     ..\vdp.c
_vdp_bitmapSendDataSelected       Defined     ..\vdp.c
_vdp_clearGraphics                Defined     ..\vdp.c
_vdp_cls                          Defined     ..\vdp.c
_vdp_cursorDisable                Defined     ..\vdp.c
_vdp_cursorEnable                 Defined     ..\vdp.c
_vdp_cursorGetXpos                Defined     ..\vdp.c
_vdp_cursorGetYpos                Defined     ..\vdp.c
_vdp_cursorGoto                   Defined     ..\vdp.c
_vdp_cursorHome                   Defined     ..\vdp.c
_vdp_cursorUp                     Defined     ..\vdp.c
_vdp_extended_select              Defined     ..\main.c
_vdp_fgcolour                     Defined     ..\vdp.c
_vdp_getMode                      Defined     ..\vdp.c
_vdp_mode                         Defined     ..\vdp.c
_vdp_plot                         Defined     ..\vdp.c
_vdp_plotCircleCircumference      Defined     ..\vdp.c
_vdp_plotCircleRadius             Defined     ..\vdp.c
_vdp_plotColour                   Defined     ..\vdp.c
_vdp_plotLineTo                   Defined     ..\vdp.c
_vdp_plotMoveTo                   Defined     ..\vdp.c
_vdp_plotPoint                    Defined     ..\vdp.c
_vdp_plotSetOrigin                Defined     ..\vdp.c
_vdp_plotTriangle                 Defined     ..\vdp.c
_vdp_scroll                       Defined     ..\vdp.c
_vdp_setpagedMode                 Defined     ..\vdp.c
_vdp_setPaletteColor              Defined     ..\vdp.c
_vdp_spriteActivateTotal          Defined     ..\vdp.c
_vdp_spriteAddFrame               Defined     ..\vdp.c
_vdp_spriteAddFrameSelected       Defined     ..\vdp.c
_vdp_spriteClearFrames            Defined     ..\vdp.c
_vdp_spriteClearFramesSelected    Defined     ..\vdp.c
_vdp_spriteHide                   Defined     ..\vdp.c
_vdp_spriteHideSelected           Defined     ..\vdp.c
_vdp_spriteMoveBy                 Defined     ..\vdp.c
_vdp_spriteMoveBySelected         Defined     ..\vdp.c
_vdp_spriteMoveTo                 Defined     ..\vdp.c
_vdp_spriteMoveToSelected         Defined     ..\vdp.c
_vdp_spriteNextFrame              Defined     ..\vdp.c
_vdp_spriteNextFrameSelected      Defined     ..\vdp.c
_vdp_spritePreviousFrame          Defined     ..\vdp.c
_vdp_spritePreviousFrameSelected  Defined     ..\vdp.c
_vdp_spriteRefresh                Defined     ..\vdp.c
_vdp_spriteSelect                 Defined     ..\vdp.c
_vdp_spriteSetFrame               Defined     ..\vdp.c
_vdp_spriteSetFrameSelected       Defined     ..\vdp.c
_vdp_spriteShow                   Defined     ..\vdp.c
_vdp_spriteShowSelected           Defined     ..\vdp.c
_waitvblank                       Defined     D:\agon_bmp\agon_bmp_buffer\agon_bmp_buffer\mos-interface.asm
                                  Referenced  ..\main.c
_write16bit                       Defined     ..\vdp.c
                                  Referenced  ..\main.c
_write24bit                       Defined     ..\vdp.c
_write32bit                       Defined     ..\vdp.c

OUTPUT CHECKSUM
===============
template.hex         213364
template.lod         213364



END OF LINK MAP:
================
0 Errors
0 Warnings
